// Jest Snapshot v1, https://goo.gl/fbAQLP

exports[`portfolio renders correctly 1`] = `
<div>
  <h2>
    Recent Work
  </h2>
  <div
    className="portfolio"
  >
    <div
      className="portfolio-item"
    >
      <figure
        className="portfolio-image-wrapper"
      >
        <a
          href="https://kochie.space"
        >
          <div>
            <div>
              
              <img
                alt="Space"
                className="portfolio-image __lazy"
                data-src="/_next/image?url=https%3A%2F%2Fme.kochie.io%2Fpublic%2Fimage-mock.png&w=1200&q=75"
                data-srcset="/_next/image?url=https%3A%2F%2Fme.kochie.io%2Fpublic%2Fimage-mock.png&w=320&q=75 320w, /_next/image?url=https%3A%2F%2Fme.kochie.io%2Fpublic%2Fimage-mock.png&w=420&q=75 420w, /_next/image?url=https%3A%2F%2Fme.kochie.io%2Fpublic%2Fimage-mock.png&w=768&q=75 768w, /_next/image?url=https%3A%2F%2Fme.kochie.io%2Fpublic%2Fimage-mock.png&w=1024&q=75 1024w, /_next/image?url=https%3A%2F%2Fme.kochie.io%2Fpublic%2Fimage-mock.png&w=1200&q=75 1200w"
              />
            </div>
          </div>
        </a>
      </figure>
      <h3>
        Space
      </h3>
      <p>
        A small webapp that follows the mouse.
      </p>
    </div>
    <div
      className="portfolio-item"
    >
      <figure
        className="portfolio-image-wrapper"
      >
        <a
          href="https://3body.now.sh"
        >
          <div>
            <div>
              
              <img
                alt="Particlez"
                className="portfolio-image __lazy"
                data-src="/_next/image?url=https%3A%2F%2Fme.kochie.io%2Fpublic%2Fimage-mock.png&w=1200&q=75"
                data-srcset="/_next/image?url=https%3A%2F%2Fme.kochie.io%2Fpublic%2Fimage-mock.png&w=320&q=75 320w, /_next/image?url=https%3A%2F%2Fme.kochie.io%2Fpublic%2Fimage-mock.png&w=420&q=75 420w, /_next/image?url=https%3A%2F%2Fme.kochie.io%2Fpublic%2Fimage-mock.png&w=768&q=75 768w, /_next/image?url=https%3A%2F%2Fme.kochie.io%2Fpublic%2Fimage-mock.png&w=1024&q=75 1024w, /_next/image?url=https%3A%2F%2Fme.kochie.io%2Fpublic%2Fimage-mock.png&w=1200&q=75 1200w"
              />
            </div>
          </div>
        </a>
      </figure>
      <h3>
        Particlez
      </h3>
      <p>
        A real time n-body particle simulator for the web.
      </p>
    </div>
    <div
      className="portfolio-item"
    >
      <figure
        className="portfolio-image-wrapper"
      >
        <a
          href="https://github.com/kochie/guardian-server"
        >
          <div>
            <div>
              
              <img
                alt="Guardian"
                className="portfolio-image __lazy"
                data-src="/_next/image?url=https%3A%2F%2Fme.kochie.io%2Fpublic%2Fimage-mock.png&w=1200&q=75"
                data-srcset="/_next/image?url=https%3A%2F%2Fme.kochie.io%2Fpublic%2Fimage-mock.png&w=320&q=75 320w, /_next/image?url=https%3A%2F%2Fme.kochie.io%2Fpublic%2Fimage-mock.png&w=420&q=75 420w, /_next/image?url=https%3A%2F%2Fme.kochie.io%2Fpublic%2Fimage-mock.png&w=768&q=75 768w, /_next/image?url=https%3A%2F%2Fme.kochie.io%2Fpublic%2Fimage-mock.png&w=1024&q=75 1024w, /_next/image?url=https%3A%2F%2Fme.kochie.io%2Fpublic%2Fimage-mock.png&w=1200&q=75 1200w"
              />
            </div>
          </div>
        </a>
      </figure>
      <h3>
        Guardian
      </h3>
      <p>
        An experiment in transferring cyptographic keys between devices without the user needing to copy keys themselves.
      </p>
    </div>
    <div
      className="portfolio-item"
    >
      <figure
        className="portfolio-image-wrapper"
      >
        <a
          href="https://bitbucket.org/kochie/fyp"
        >
          <div>
            <div>
              
              <img
                alt="Optimising Neural Networks for Embedded Systems"
                className="portfolio-image __lazy"
                data-src="/_next/image?url=https%3A%2F%2Fme.kochie.io%2Fpublic%2Fimage-mock.png&w=1200&q=75"
                data-srcset="/_next/image?url=https%3A%2F%2Fme.kochie.io%2Fpublic%2Fimage-mock.png&w=320&q=75 320w, /_next/image?url=https%3A%2F%2Fme.kochie.io%2Fpublic%2Fimage-mock.png&w=420&q=75 420w, /_next/image?url=https%3A%2F%2Fme.kochie.io%2Fpublic%2Fimage-mock.png&w=768&q=75 768w, /_next/image?url=https%3A%2F%2Fme.kochie.io%2Fpublic%2Fimage-mock.png&w=1024&q=75 1024w, /_next/image?url=https%3A%2F%2Fme.kochie.io%2Fpublic%2Fimage-mock.png&w=1200&q=75 1200w"
              />
            </div>
          </div>
        </a>
      </figure>
      <h3>
        Optimising Neural Networks for Embedded Systems
      </h3>
      <p>
        My final year project - focusing on modifying the activation layers of convolutional neural networks to work better on embedded devices.
      </p>
    </div>
    <div
      className="portfolio-item"
    >
      <figure
        className="portfolio-image-wrapper"
      >
        <a
          href="https://github.com/kochie/juice"
        >
          <div>
            <div>
              
              <img
                alt="Juice"
                className="portfolio-image __lazy"
                data-src="/_next/image?url=https%3A%2F%2Fme.kochie.io%2Fpublic%2Fimage-mock.png&w=1200&q=75"
                data-srcset="/_next/image?url=https%3A%2F%2Fme.kochie.io%2Fpublic%2Fimage-mock.png&w=320&q=75 320w, /_next/image?url=https%3A%2F%2Fme.kochie.io%2Fpublic%2Fimage-mock.png&w=420&q=75 420w, /_next/image?url=https%3A%2F%2Fme.kochie.io%2Fpublic%2Fimage-mock.png&w=768&q=75 768w, /_next/image?url=https%3A%2F%2Fme.kochie.io%2Fpublic%2Fimage-mock.png&w=1024&q=75 1024w, /_next/image?url=https%3A%2F%2Fme.kochie.io%2Fpublic%2Fimage-mock.png&w=1200&q=75 1200w"
              />
            </div>
          </div>
        </a>
      </figure>
      <h3>
        Juice
      </h3>
      <p>
        A Json-Web-Token analyser.
      </p>
    </div>
    <div
      className="portfolio-item"
    >
      <figure
        className="portfolio-image-wrapper"
      >
        <a
          href="https://github.com/kochie/mcgurrin"
        >
          <div>
            <div>
              
              <img
                alt="McGurrin"
                className="portfolio-image __lazy"
                data-src="/_next/image?url=https%3A%2F%2Fme.kochie.io%2Fpublic%2Fimage-mock.png&w=1200&q=75"
                data-srcset="/_next/image?url=https%3A%2F%2Fme.kochie.io%2Fpublic%2Fimage-mock.png&w=320&q=75 320w, /_next/image?url=https%3A%2F%2Fme.kochie.io%2Fpublic%2Fimage-mock.png&w=420&q=75 420w, /_next/image?url=https%3A%2F%2Fme.kochie.io%2Fpublic%2Fimage-mock.png&w=768&q=75 768w, /_next/image?url=https%3A%2F%2Fme.kochie.io%2Fpublic%2Fimage-mock.png&w=1024&q=75 1024w, /_next/image?url=https%3A%2F%2Fme.kochie.io%2Fpublic%2Fimage-mock.png&w=1200&q=75 1200w"
              />
            </div>
          </div>
        </a>
      </figure>
      <h3>
        McGurrin
      </h3>
      <p>
        A tool to help with learning to touch type.
      </p>
    </div>
  </div>
</div>
`;
