// Jest Snapshot v1, https://goo.gl/fbAQLP

exports[`portfolio renders correctly 1`] = `
<div>
  <h2>
    Recent Work
  </h2>
  <div
    className="portfolio"
  >
    <div
      className="portfolio-item"
    >
      <figure
        className="portfolio-image-wrapper"
      >
        <a
          href="https://kochie.space"
        >
          <img
            className="portfolio-image"
            src="/static/images/space.png"
          />
        </a>
      </figure>
      <h3>
        Space
      </h3>
      <p>
        A small webapp that follows the mouse.
      </p>
    </div>
    <div
      className="portfolio-item"
    >
      <figure
        className="portfolio-image-wrapper"
      >
        <a
          href="https://3body.now.sh"
        >
          <img
            className="portfolio-image"
            src="/static/images/particlez.png"
          />
        </a>
      </figure>
      <h3>
        Particlez
      </h3>
      <p>
        A real time n-body particle simulator for the web.
      </p>
    </div>
    <div
      className="portfolio-item"
    >
      <figure
        className="portfolio-image-wrapper"
      >
        <a
          href="https://github.com/kochie/guardian-server"
        >
          <img
            className="portfolio-image"
            src="/static/images/guardian.png"
          />
        </a>
      </figure>
      <h3>
        Guardian
      </h3>
      <p>
        An experiment in transferring cyptographic keys between devices without the user needing to copy keys themselves.
      </p>
    </div>
    <div
      className="portfolio-item"
    >
      <figure
        className="portfolio-image-wrapper"
      >
        <a
          href="https://bitbucket.org/kochie/fyp"
        >
          <img
            className="portfolio-image"
            src="/static/images/tensorflow.jpeg"
          />
        </a>
      </figure>
      <h3>
        Optimising Neural Networks for Embedded Systems
      </h3>
      <p>
        My final year project - focusing on modifying the activation layers of convolutional neural networks to work better on embedded devices.
      </p>
    </div>
    <div
      className="portfolio-item"
    >
      <figure
        className="portfolio-image-wrapper"
      >
        <a
          href="https://github.com/kochie/juice"
        >
          <img
            className="portfolio-image"
            src="/static/images/juice.png"
          />
        </a>
      </figure>
      <h3>
        Juice
      </h3>
      <p>
        A Json-Web-Token analyser.
      </p>
    </div>
    <div
      className="portfolio-item"
    >
      <figure
        className="portfolio-image-wrapper"
      >
        <a
          href="https://github.com/kochie/mcgurrin"
        >
          <img
            className="portfolio-image"
            src="/static/images/keyboard.png"
          />
        </a>
      </figure>
      <h3>
        McGurrin
      </h3>
      <p>
        A tool to help with learning to touch type.
      </p>
    </div>
  </div>
</div>
`;
