// Jest Snapshot v1, https://goo.gl/fbAQLP

exports[`portfolio renders correctly 1`] = `
<div>
  <h2
    className="text-gray-900 dark:text-white font-bold text-2xl mt-8 mb-6"
  >
    Recent Work
  </h2>
  <div
    className="grid 2xl:grid-cols-3 md:grid-cols-2 grid-cols-1 grid-flow-row gap-4 lg:gap-10 auto-cols-max"
  >
    <div
      className="group rounded-xl bg-gray-300 dark:bg-gray-700 hover:shadow-2xl shadow-xl transition duration-300"
    >
      <a
        href="https://touch-typer.kochie.io"
        onClick={[Function]}
        onMouseEnter={[Function]}
        onTouchStart={[Function]}
      >
        <div
          className="relative rounded-t-xl overflow-hidden filter grayscale-35 group-hover:grayscale-0"
          style={
            {
              "padding": "30% 0",
            }
          }
        >
          <img
            alt="Touch Typer"
            className="absolute top-0 left-0 w-full h-full group-hover:scale-110 transform-gpu transition duration-100"
            data-nimg="fill"
            decoding="async"
            loading="lazy"
            onError={[Function]}
            onLoad={[Function]}
            sizes="(max-width: 768px) 100vw, (max-width: 1200px) 50vw, 33vw"
            src="/_next/image?url=%2Fimg.jpg&w=1200&q=75"
            srcSet="/_next/image?url=%2Fimg.jpg&w=320&q=75 320w, /_next/image?url=%2Fimg.jpg&w=420&q=75 420w, /_next/image?url=%2Fimg.jpg&w=768&q=75 768w, /_next/image?url=%2Fimg.jpg&w=1024&q=75 1024w, /_next/image?url=%2Fimg.jpg&w=1200&q=75 1200w"
            style={
              {
                "backgroundImage": "url("data:image/svg+xml;charset=utf-8,%3Csvg xmlns='http%3A//www.w3.org/2000/svg'%3E%3Cimage style='filter:blur(20px)' preserveAspectRatio='xMidYMid slice' x='0' y='0' height='100%25' width='100%25' href='data:image/png;base64,imagedata'/%3E%3C/svg%3E")",
                "backgroundPosition": "50% 50%",
                "backgroundRepeat": "no-repeat",
                "backgroundSize": "cover",
                "bottom": 0,
                "color": "transparent",
                "height": "100%",
                "left": 0,
                "objectFit": "cover",
                "objectPosition": undefined,
                "position": "absolute",
                "right": 0,
                "top": 0,
                "width": "100%",
              }
            }
          />
        </div>
      </a>
      <div
        className="px-5 "
      >
        <h3
          className="text-lg font-medium my-3 text-gray-900 dark:text-white"
        >
          <a
            className="hover:underline"
            href="https://touch-typer.kochie.io"
          >
            Touch Typer
          </a>
        </h3>
        <p
          className="text-sm mb-3 text-gray-700 dark:text-gray-300"
        >
          Touch Typer is your tutor that helps you improve your typing skills. Open source and free to use it's available on Linux, Windows and macOS.
        </p>
      </div>
    </div>
    <div
      className="group rounded-xl bg-gray-300 dark:bg-gray-700 hover:shadow-2xl shadow-xl transition duration-300"
    >
      <a
        href="https://ct.vercel.app"
        onClick={[Function]}
        onMouseEnter={[Function]}
        onTouchStart={[Function]}
      >
        <div
          className="relative rounded-t-xl overflow-hidden filter grayscale-35 group-hover:grayscale-0"
          style={
            {
              "padding": "30% 0",
            }
          }
        >
          <img
            alt="Contact Tracing"
            className="absolute top-0 left-0 w-full h-full group-hover:scale-110 transform-gpu transition duration-100"
            data-nimg="fill"
            decoding="async"
            loading="lazy"
            onError={[Function]}
            onLoad={[Function]}
            sizes="(max-width: 768px) 100vw, (max-width: 1200px) 50vw, 33vw"
            src="/_next/image?url=%2Fimg.jpg&w=1200&q=75"
            srcSet="/_next/image?url=%2Fimg.jpg&w=320&q=75 320w, /_next/image?url=%2Fimg.jpg&w=420&q=75 420w, /_next/image?url=%2Fimg.jpg&w=768&q=75 768w, /_next/image?url=%2Fimg.jpg&w=1024&q=75 1024w, /_next/image?url=%2Fimg.jpg&w=1200&q=75 1200w"
            style={
              {
                "backgroundImage": "url("data:image/svg+xml;charset=utf-8,%3Csvg xmlns='http%3A//www.w3.org/2000/svg'%3E%3Cimage style='filter:blur(20px)' preserveAspectRatio='xMidYMid slice' x='0' y='0' height='100%25' width='100%25' href='data:image/png;base64,imagedata'/%3E%3C/svg%3E")",
                "backgroundPosition": "50% 50%",
                "backgroundRepeat": "no-repeat",
                "backgroundSize": "cover",
                "bottom": 0,
                "color": "transparent",
                "height": "100%",
                "left": 0,
                "objectFit": "cover",
                "objectPosition": undefined,
                "position": "absolute",
                "right": 0,
                "top": 0,
                "width": "100%",
              }
            }
          />
        </div>
      </a>
      <div
        className="px-5 "
      >
        <h3
          className="text-lg font-medium my-3 text-gray-900 dark:text-white"
        >
          <a
            className="hover:underline"
            href="https://ct.vercel.app"
          >
            Contact Tracing
          </a>
        </h3>
        <p
          className="text-sm mb-3 text-gray-700 dark:text-gray-300"
        >
          A technology demonstration website to showcase a proof of concept contact tracing application using the AWS Cloud Development Kit.
        </p>
      </div>
    </div>
    <div
      className="group rounded-xl bg-gray-300 dark:bg-gray-700 hover:shadow-2xl shadow-xl transition duration-300"
    >
      <a
        href="https://kochie.space"
        onClick={[Function]}
        onMouseEnter={[Function]}
        onTouchStart={[Function]}
      >
        <div
          className="relative rounded-t-xl overflow-hidden filter grayscale-35 group-hover:grayscale-0"
          style={
            {
              "padding": "30% 0",
            }
          }
        >
          <img
            alt="Space"
            className="absolute top-0 left-0 w-full h-full group-hover:scale-110 transform-gpu transition duration-100"
            data-nimg="fill"
            decoding="async"
            loading="lazy"
            onError={[Function]}
            onLoad={[Function]}
            sizes="(max-width: 768px) 100vw, (max-width: 1200px) 50vw, 33vw"
            src="/_next/image?url=%2Fimg.jpg&w=1200&q=75"
            srcSet="/_next/image?url=%2Fimg.jpg&w=320&q=75 320w, /_next/image?url=%2Fimg.jpg&w=420&q=75 420w, /_next/image?url=%2Fimg.jpg&w=768&q=75 768w, /_next/image?url=%2Fimg.jpg&w=1024&q=75 1024w, /_next/image?url=%2Fimg.jpg&w=1200&q=75 1200w"
            style={
              {
                "backgroundImage": "url("data:image/svg+xml;charset=utf-8,%3Csvg xmlns='http%3A//www.w3.org/2000/svg'%3E%3Cimage style='filter:blur(20px)' preserveAspectRatio='xMidYMid slice' x='0' y='0' height='100%25' width='100%25' href='data:image/png;base64,imagedata'/%3E%3C/svg%3E")",
                "backgroundPosition": "50% 50%",
                "backgroundRepeat": "no-repeat",
                "backgroundSize": "cover",
                "bottom": 0,
                "color": "transparent",
                "height": "100%",
                "left": 0,
                "objectFit": "cover",
                "objectPosition": undefined,
                "position": "absolute",
                "right": 0,
                "top": 0,
                "width": "100%",
              }
            }
          />
        </div>
      </a>
      <div
        className="px-5 "
      >
        <h3
          className="text-lg font-medium my-3 text-gray-900 dark:text-white"
        >
          <a
            className="hover:underline"
            href="https://kochie.space"
          >
            Space
          </a>
        </h3>
        <p
          className="text-sm mb-3 text-gray-700 dark:text-gray-300"
        >
          A small webapp that follows the mouse.
        </p>
      </div>
    </div>
    <div
      className="group rounded-xl bg-gray-300 dark:bg-gray-700 hover:shadow-2xl shadow-xl transition duration-300"
    >
      <a
        href="https://3body.now.sh"
        onClick={[Function]}
        onMouseEnter={[Function]}
        onTouchStart={[Function]}
      >
        <div
          className="relative rounded-t-xl overflow-hidden filter grayscale-35 group-hover:grayscale-0"
          style={
            {
              "padding": "30% 0",
            }
          }
        >
          <img
            alt="Particlez"
            className="absolute top-0 left-0 w-full h-full group-hover:scale-110 transform-gpu transition duration-100"
            data-nimg="fill"
            decoding="async"
            loading="lazy"
            onError={[Function]}
            onLoad={[Function]}
            sizes="(max-width: 768px) 100vw, (max-width: 1200px) 50vw, 33vw"
            src="/_next/image?url=%2Fimg.jpg&w=1200&q=75"
            srcSet="/_next/image?url=%2Fimg.jpg&w=320&q=75 320w, /_next/image?url=%2Fimg.jpg&w=420&q=75 420w, /_next/image?url=%2Fimg.jpg&w=768&q=75 768w, /_next/image?url=%2Fimg.jpg&w=1024&q=75 1024w, /_next/image?url=%2Fimg.jpg&w=1200&q=75 1200w"
            style={
              {
                "backgroundImage": "url("data:image/svg+xml;charset=utf-8,%3Csvg xmlns='http%3A//www.w3.org/2000/svg'%3E%3Cimage style='filter:blur(20px)' preserveAspectRatio='xMidYMid slice' x='0' y='0' height='100%25' width='100%25' href='data:image/png;base64,imagedata'/%3E%3C/svg%3E")",
                "backgroundPosition": "50% 50%",
                "backgroundRepeat": "no-repeat",
                "backgroundSize": "cover",
                "bottom": 0,
                "color": "transparent",
                "height": "100%",
                "left": 0,
                "objectFit": "cover",
                "objectPosition": undefined,
                "position": "absolute",
                "right": 0,
                "top": 0,
                "width": "100%",
              }
            }
          />
        </div>
      </a>
      <div
        className="px-5 "
      >
        <h3
          className="text-lg font-medium my-3 text-gray-900 dark:text-white"
        >
          <a
            className="hover:underline"
            href="https://3body.now.sh"
          >
            Particlez
          </a>
        </h3>
        <p
          className="text-sm mb-3 text-gray-700 dark:text-gray-300"
        >
          A real time n-body particle simulator for the web.
        </p>
      </div>
    </div>
    <div
      className="group rounded-xl bg-gray-300 dark:bg-gray-700 hover:shadow-2xl shadow-xl transition duration-300"
    >
      <a
        href="https://bitbucket.org/kochie/fyp"
        onClick={[Function]}
        onMouseEnter={[Function]}
        onTouchStart={[Function]}
      >
        <div
          className="relative rounded-t-xl overflow-hidden filter grayscale-35 group-hover:grayscale-0"
          style={
            {
              "padding": "30% 0",
            }
          }
        >
          <img
            alt="Optimising Neural Networks for Embedded Systems"
            className="absolute top-0 left-0 w-full h-full group-hover:scale-110 transform-gpu transition duration-100"
            data-nimg="fill"
            decoding="async"
            loading="lazy"
            onError={[Function]}
            onLoad={[Function]}
            sizes="(max-width: 768px) 100vw, (max-width: 1200px) 50vw, 33vw"
            src="/_next/image?url=%2Fimg.jpg&w=1200&q=75"
            srcSet="/_next/image?url=%2Fimg.jpg&w=320&q=75 320w, /_next/image?url=%2Fimg.jpg&w=420&q=75 420w, /_next/image?url=%2Fimg.jpg&w=768&q=75 768w, /_next/image?url=%2Fimg.jpg&w=1024&q=75 1024w, /_next/image?url=%2Fimg.jpg&w=1200&q=75 1200w"
            style={
              {
                "backgroundImage": "url("data:image/svg+xml;charset=utf-8,%3Csvg xmlns='http%3A//www.w3.org/2000/svg'%3E%3Cimage style='filter:blur(20px)' preserveAspectRatio='xMidYMid slice' x='0' y='0' height='100%25' width='100%25' href='data:image/png;base64,imagedata'/%3E%3C/svg%3E")",
                "backgroundPosition": "50% 50%",
                "backgroundRepeat": "no-repeat",
                "backgroundSize": "cover",
                "bottom": 0,
                "color": "transparent",
                "height": "100%",
                "left": 0,
                "objectFit": "cover",
                "objectPosition": undefined,
                "position": "absolute",
                "right": 0,
                "top": 0,
                "width": "100%",
              }
            }
          />
        </div>
      </a>
      <div
        className="px-5 "
      >
        <h3
          className="text-lg font-medium my-3 text-gray-900 dark:text-white"
        >
          <a
            className="hover:underline"
            href="https://bitbucket.org/kochie/fyp"
          >
            Optimising Neural Networks for Embedded Systems
          </a>
        </h3>
        <p
          className="text-sm mb-3 text-gray-700 dark:text-gray-300"
        >
          My final year project - focusing on modifying the activation layers of convolutional neural networks to work better on embedded devices.
        </p>
      </div>
    </div>
    <div
      className="group rounded-xl bg-gray-300 dark:bg-gray-700 hover:shadow-2xl shadow-xl transition duration-300"
    >
      <a
        href="https://stonks.kochie.io"
        onClick={[Function]}
        onMouseEnter={[Function]}
        onTouchStart={[Function]}
      >
        <div
          className="relative rounded-t-xl overflow-hidden filter grayscale-35 group-hover:grayscale-0"
          style={
            {
              "padding": "30% 0",
            }
          }
        >
          <img
            alt="Stonks"
            className="absolute top-0 left-0 w-full h-full group-hover:scale-110 transform-gpu transition duration-100"
            data-nimg="fill"
            decoding="async"
            loading="lazy"
            onError={[Function]}
            onLoad={[Function]}
            sizes="(max-width: 768px) 100vw, (max-width: 1200px) 50vw, 33vw"
            src="/_next/image?url=%2Fimg.jpg&w=1200&q=75"
            srcSet="/_next/image?url=%2Fimg.jpg&w=320&q=75 320w, /_next/image?url=%2Fimg.jpg&w=420&q=75 420w, /_next/image?url=%2Fimg.jpg&w=768&q=75 768w, /_next/image?url=%2Fimg.jpg&w=1024&q=75 1024w, /_next/image?url=%2Fimg.jpg&w=1200&q=75 1200w"
            style={
              {
                "backgroundImage": "url("data:image/svg+xml;charset=utf-8,%3Csvg xmlns='http%3A//www.w3.org/2000/svg'%3E%3Cimage style='filter:blur(20px)' preserveAspectRatio='xMidYMid slice' x='0' y='0' height='100%25' width='100%25' href='data:image/png;base64,imagedata'/%3E%3C/svg%3E")",
                "backgroundPosition": "50% 50%",
                "backgroundRepeat": "no-repeat",
                "backgroundSize": "cover",
                "bottom": 0,
                "color": "transparent",
                "height": "100%",
                "left": 0,
                "objectFit": "cover",
                "objectPosition": undefined,
                "position": "absolute",
                "right": 0,
                "top": 0,
                "width": "100%",
              }
            }
          />
        </div>
      </a>
      <div
        className="px-5 "
      >
        <h3
          className="text-lg font-medium my-3 text-gray-900 dark:text-white"
        >
          <a
            className="hover:underline"
            href="https://stonks.kochie.io"
          >
            Stonks
          </a>
        </h3>
        <p
          className="text-sm mb-3 text-gray-700 dark:text-gray-300"
        >
          A trading platform for crypto-currencies.
        </p>
      </div>
    </div>
    <div
      className="group rounded-xl bg-gray-300 dark:bg-gray-700 hover:shadow-2xl shadow-xl transition duration-300"
    >
      <a
        href="https://github.com/BenchTop/benchtop-js"
        onClick={[Function]}
        onMouseEnter={[Function]}
        onTouchStart={[Function]}
      >
        <div
          className="relative rounded-t-xl overflow-hidden filter grayscale-35 group-hover:grayscale-0"
          style={
            {
              "padding": "30% 0",
            }
          }
        >
          <img
            alt="benchtop-js"
            className="absolute top-0 left-0 w-full h-full group-hover:scale-110 transform-gpu transition duration-100"
            data-nimg="fill"
            decoding="async"
            loading="lazy"
            onError={[Function]}
            onLoad={[Function]}
            sizes="(max-width: 768px) 100vw, (max-width: 1200px) 50vw, 33vw"
            src="/_next/image?url=%2Fimg.jpg&w=1200&q=75"
            srcSet="/_next/image?url=%2Fimg.jpg&w=320&q=75 320w, /_next/image?url=%2Fimg.jpg&w=420&q=75 420w, /_next/image?url=%2Fimg.jpg&w=768&q=75 768w, /_next/image?url=%2Fimg.jpg&w=1024&q=75 1024w, /_next/image?url=%2Fimg.jpg&w=1200&q=75 1200w"
            style={
              {
                "backgroundImage": "url("data:image/svg+xml;charset=utf-8,%3Csvg xmlns='http%3A//www.w3.org/2000/svg'%3E%3Cimage style='filter:blur(20px)' preserveAspectRatio='xMidYMid slice' x='0' y='0' height='100%25' width='100%25' href='data:image/png;base64,imagedata'/%3E%3C/svg%3E")",
                "backgroundPosition": "50% 50%",
                "backgroundRepeat": "no-repeat",
                "backgroundSize": "cover",
                "bottom": 0,
                "color": "transparent",
                "height": "100%",
                "left": 0,
                "objectFit": "cover",
                "objectPosition": undefined,
                "position": "absolute",
                "right": 0,
                "top": 0,
                "width": "100%",
              }
            }
          />
        </div>
      </a>
      <div
        className="px-5 "
      >
        <h3
          className="text-lg font-medium my-3 text-gray-900 dark:text-white"
        >
          <a
            className="hover:underline"
            href="https://github.com/BenchTop/benchtop-js"
          >
            benchtop-js
          </a>
        </h3>
        <p
          className="text-sm mb-3 text-gray-700 dark:text-gray-300"
        >
          A benchmarking tool for JavaScript projects.
        </p>
      </div>
    </div>
  </div>
</div>
`;
