// Jest Snapshot v1, https://goo.gl/fbAQLP

exports[`connections renders correctly 1`] = `
<div
  className="connections"
>
  <div
    className="grow"
  >
    <a
      className="linkedin grow"
      href="https://linkedin.com/in/rkkochie"
    />
  </div>
  <div
    className="grow"
  >
    <a
      className="twitter grow"
      href="https://twitter.com/kochie"
    />
  </div>
  <div
    className="grow"
  >
    <a
      className="instagram grow"
      href="https://instagram.com/rkkochie"
    />
  </div>
  <div
    className="grow"
  >
    <a
      className="github grow"
      href="https://github.com/kochie"
    />
  </div>
  <div
    className="grow"
  >
    <a
      className="medium grow"
      href="https://medium.com/@kochie"
    />
  </div>
  <div
    className="grow"
  >
    <a
      className="gitlab grow"
      href="https://gitlab.com/kochie"
    />
  </div>
  <div
    className="grow"
  >
    <a
      className="mastodon grow"
      href="https://melb.social/@kochie"
    />
  </div>
</div>
`;
