// Jest Snapshot v1, https://goo.gl/fbAQLP

exports[`by me a coffee renders correctly 1`] = `
<div
  className="bmc-button-container"
>
  <a
    className="bmc-button"
    href="https://www.buymeacoffee.com/test"
    target="_blank"
  >
    <img
      alt="Buy me a coffee"
      src="https://www.buymeacoffee.com/assets/img/BMC-btn-logo.svg"
    />
    <span
      className="bmc-span"
    >
      Buy me a coffee
    </span>
  </a>
</div>
`;
