// Jest Snapshot v1, https://goo.gl/fbAQLP

exports[`sidebar renders correctly 1`] = `
<div
  className="sidebar"
>
  <div
    className="sidebarHeader"
  >
    <div
      className="avatar"
    >
      <img
        src="/images/me.jpeg"
      />
    </div>
    <div
      className="quote"
    >
      I build things, write the code for them, and run from the resulting explosion.
    </div>
    <div
      className="connections"
    >
      <div
        className="grow"
      >
        <a
          className="linkedin"
          href="https://linkedin.com/in/rkkochie"
        />
      </div>
      <div
        className="grow"
      >
        <a
          className="twitter"
          href="https://twitter.com/kochie"
        />
      </div>
      <div
        className="grow"
      >
        <a
          className="instagram"
          href="https://instagram.com/rkkochie"
        />
      </div>
      <div
        className="grow"
      >
        <a
          className="github"
          href="https://github.com/kochie"
        />
      </div>
      <div
        className="grow"
      >
        <a
          className="medium"
          href="https://medium.com/@kochie"
        />
      </div>
      <div
        className="grow"
      >
        <a
          className="gitlab"
          href="https://gitlab.com/kochie"
        />
      </div>
      <div
        className="grow"
      >
        <a
          className="mastodon"
          href="https://melb.social/@kochie"
        />
      </div>
    </div>
  </div>
  <canvas
    className="canvas"
  />
  <div
    className="bgImage"
  />
</div>
`;
