// Jest Snapshot v1, https://goo.gl/fbAQLP

exports[`main renders correctly 1`] = `
<div
  className="main"
>
  <div
    className="middle"
  >
    <h1>
      I’m Rob, a university student from Melbourne, Australia.
    </h1>
    <p>
      I currently study Electrical Engineering, Computer Science, and Mathematics at Monash University where I was the president of the IT society 
      <a
        href="http://wired.org.au"
      >
        wired
      </a>
       in 2017.
    </p>
    <p>
      I'm also apart of the 
      <a
        href="https://unihack.net"
      >
        Unihack
      </a>
       team based in Melbourne, we run hackathons for students around Australia. 
    </p>
    <p>
      Apart from that, I love gaming, karate, bike riding, and electronics and try to do at least one of these things every day. I’m always looking for something new and interesting to do, so feel free to browse my portfolio or view my resume if you want to see some of the cool things I’ve done.
    </p>
    <div
      className="bmcButtonContainer"
    >
      <a
        className="bmcButton"
        href="https://www.buymeacoffee.com/kochie"
        target="_blank"
      >
        <img
          alt="Buy me a coffee"
          src="https://www.buymeacoffee.com/assets/img/BMC-btn-logo.svg"
        />
        <span
          className="bmcSpan"
        >
          Buy me a coffee
        </span>
      </a>
    </div>
    <hr />
    <div>
      <h2>
        Recent Work
      </h2>
      <div
        className="portfolio"
      >
        <div
          className="portfolioItem"
        >
          <figure
            className="portfolioImageWrapper"
          >
            <a
              href="https://kochie.space"
            >
              <img
                className="portfolioImage"
                src="/images/space.png"
              />
            </a>
          </figure>
          <h3>
            Space
          </h3>
          <p>
            A small webapp that follows the mouse.
          </p>
        </div>
        <div
          className="portfolioItem"
        >
          <figure
            className="portfolioImageWrapper"
          >
            <a
              href="https://3body.now.sh"
            >
              <img
                className="portfolioImage"
                src="/images/particlez.png"
              />
            </a>
          </figure>
          <h3>
            Particlez
          </h3>
          <p>
            A real time n-body particle simulator for the web.
          </p>
        </div>
        <div
          className="portfolioItem"
        >
          <figure
            className="portfolioImageWrapper"
          >
            <a
              href="https://github.com/kochie/guardian-server"
            >
              <img
                className="portfolioImage"
                src="/images/guardian.png"
              />
            </a>
          </figure>
          <h3>
            Guardian
          </h3>
          <p>
            An experiment in transferring cyptographic keys between devices without the user needing to copy keys themselves.
          </p>
        </div>
        <div
          className="portfolioItem"
        >
          <figure
            className="portfolioImageWrapper"
          >
            <a
              href="https://bitbucket.org/kochie/fyp"
            >
              <img
                className="portfolioImage"
                src="/images/tensorflow.jpeg"
              />
            </a>
          </figure>
          <h3>
            Optimising Neural Networks for Embedded Systems
          </h3>
          <p>
            My final year project - focusing on modifying the activation layers of convolutional neural networks to work better on embedded devices.
          </p>
        </div>
        <div
          className="portfolioItem"
        >
          <figure
            className="portfolioImageWrapper"
          >
            <a
              href="https://github.com/kochie/juice"
            >
              <img
                className="portfolioImage"
                src="/images/juice.png"
              />
            </a>
          </figure>
          <h3>
            Juice
          </h3>
          <p>
            A Json-Web-Token analyser.
          </p>
        </div>
        <div
          className="portfolioItem"
        >
          <figure
            className="portfolioImageWrapper"
          >
            <a
              href="https://github.com/kochie/mcgurrin"
            >
              <img
                className="portfolioImage"
                src="/images/keyboard.png"
              />
            </a>
          </figure>
          <h3>
            McGurrin
          </h3>
          <p>
            A tool to help with learning to touch type.
          </p>
        </div>
      </div>
    </div>
    <hr />
    <div>
      <h2>
        Recent Articles
      </h2>
      <div
        className="card"
      >
        <div>
          <a
            href="https://medium.com/unihack-blog/why-build-an-app-when-you-can-build-a-phone-88b5ce7d0104"
          >
            <img
              src="https://cdn-images-1.medium.com/max/800/1*ijymAR61qIf690CHOV3Hcw.jpeg"
            />
          </a>
        </div>
        <div>
          <h3>
            Why build an app when you can build a phone?
          </h3>
          <p>
            Over the last 5 years, UNIHACK has been predominantly focused on software and design. It is not well known that some of UNIHACK’s most creative entire
            ... 
            <a
              href="https://medium.com/unihack-blog/why-build-an-app-when-you-can-build-a-phone-88b5ce7d0104"
            >
              more
            </a>
          </p>
        </div>
      </div>
    </div>
    <div
      className="button"
    />
  </div>
  <nav
    className="footer"
  >
    <ul>
      <li>
        Robert Koch
      </li>
      <li>
        <span>
          Updated on 
          <time />
        </span>
      </li>
    </ul>
  </nav>
</div>
`;
