// Jest Snapshot v1, https://goo.gl/fbAQLP

exports[`footer renders correctly 1`] = `
<nav
  className="footer"
>
  <ul>
    <li>
      Robert Koch
    </li>
    <li>
      <span>
        Updated on 
        <time
          dateTime="Sat May 04 2019"
        >
          Sat May 04 2019
        </time>
      </span>
    </li>
  </ul>
</nav>
`;
